le :\MyCustomApps\react-projects\indl>babel src/app.js --out-file=public/scripts/app.js --presets=env,react --watch

C:\MyCustomApps\react-projects\indl>live-server public

Uninstall Commands
-------------------
yarn global remove babel-cli live-server
or
npm uninstall -g babel-cli live-server

Installing Locally
-------------------
yarn add live-server babel-cli@6.24.1
or
npm install live-server babel-cli@6.24.1

npm install chokidar@3.4.3
yarn add chokidar@3.4.3

yarn add webpack@3.1.0

then...

npm run build

//-----------second phase

npm install validator

npm from




npm install react@16.0.0 react-dom@16.0.0

npm install babel-core@6.25.0 babel-loader@7.1.1

//Each component to a single file - best practice

Eventually we will get rid of live-server and start using webpack devserver

npm install webpack-dev-server@2.5.1

npm install --save-dev babel-plugin-transform-class-properties@6.24.1

//--------------------- RUN env
npm run dev-server

//Modal section

npm install react-modal@2.2.2

//STYLES

npm install style-loader@0.18.2 css-loader@0.28.4
npm install style-loader css-loader

//STYLES II 
npm install sass-loader node-sass (don't ?)
npm install sass-loader@6.0.6 node-sass@4.5.3 (for sure 4.5.3 is bad)
npm install sass-loader@6.0.6 node-sass (maybe)

//Normalize
npm install normalize.css

//Routing 
npm install react-router-dom

//Advanced Routing
npm install redux@3.7.2

//uuid
npm install uuid@3.1.0

npm install --same-dev babel-plugin-transform-object-rest-spread

npm install react@17.0.1 react-dom@17.0.1

npm install react-redux

npm install moment@2.18.1
npm install moment --save

npm install react-date@12.7.0
npm install react-dates

npm install react-addons-shallow-compare@15.6.0

npm i babel-plugin-transform-class-properties@6.24.1

npm i babel-plugin-transform-object-rest-spread@6.23.0

npm i babel-polyfill@6.26.0

npm i express

npm i numeral 

------------------

Test

npm install --save-dev jest

------------

Babel 7 upgrade

npm install --save-dev @babel/core @babel/cli @babel/preset-env
npm install --save @babel/polyfill
npm install --save-dev @babel/plugin-transform-arrow-functions

npm i --save-dev enzyme
npm i enzyme-adapter-react-16
npm i raf

npm i enzyme-to-json

npm i react-request

-----------


git init
git status
git add .


Enter file in which to save the key (/h//.ssh/id_rsa): /c/Users/delcas1/ssh-key/id_rsa
Enter passphrase (empty for no passphrase):
Enter same passphrase again:
Your identification has been saved in /c/Users/delcas1/ssh-key/id_rsa.
Your public key has been saved in /c/Users/delcas1/ssh-key/id_rsa.pub.
The key fingerprint is:
SHA256:VPlxjC/3ciHpY1iRg1FkKX1Y0hkXUn8GXli4H9mnw5o sdelcas2020@gmail.com
The key's randomart image is:
+---[RSA 4096]----+
|          .o*OOOB|
|         ..o+OB*o|
|        .  ..+*.*|
|       .    o++=+|
|        S   ++.++|
|           . += +|
|            .o.+ |
|            E    |
|                 |
+----[SHA256]-----+

> git pull --tags origin master
Warning: Permanently added the RSA host key for IP address '140.82.112.4' to the list of known hosts.
git@github.com: Permission denied (publickey).
fatal: Could not read from remote repository.



$ ssh -T git@github.com
Hi delcas1! You've successfully authenticated, but GitHub does not provide shell access.

$ git remote add origin git@github.com:delcas1/react-sample-app.git

$ git remote -v

git -push -u origin master

Styling react
-------------

//npm install --save-dev mini-css-extract-plugin  <-for webpack 4
npm i extract-text-webpack-plugin

npm i expressjs

----

Heroku
------


C:\react-1>heroku -v
heroku/7.47.5 win32-x64 node-v12.16.2

C:\react-1>heroku login
heroku: Press any key to open up the browser to login or q to exit:
Opening browser to https://cli-auth.heroku.com/auth/cli/browser/b3724b8f-6f12-4b4d-a5b8-3f5b2db76eb9?requestor=SFMyNTY.g2gDbQAAAA0xOTkuMjQ3LjQ2LjQ0bgYAS35fVHYBYgABUYA.svtvWnkLxaPYqSrMxNoMehxyFbPVm7NU4tm4mJWEDNk
Logging in... done
Logged in as sdelcas2020@gmail.com

C:\react-1\ind2>heroku create react-sample-h
Creating ⬢ react-sample-h... done
https://react-sample-h.herokuapp.com/ | https://git.heroku.com/react-sample-h.git

C:\react-1\ind2>git remote
heroku
origin

C:\react-1\ind2>git remote -v
heroku  https://git.heroku.com/react-sample-h.git (fetch)
heroku  https://git.heroku.com/react-sample-h.git (push)
origin  git@github.com:delcas1/react-sample-app.git (fetch)
origin  git@github.com:delcas1/react-sample-app.git (push)

C:\react-1\ind2>git status
On branch master
Your branch is ahead of 'origin/master' by 7 commits.
  (use "git push" to publish your local commits)

C:\react-1\ind2>git add .

C:\react-1\ind2>git commit -m "Setup production build and server"

git push  (on the git bash only)

git push heroku master  (command prompt only)