le :\MyCustomApps\react-projects\indl>babel src/app.js --out-file=public/scripts/app.js --presets=env,react --watch

C:\MyCustomApps\react-projects\indl>live-server public

Uninstall Commands
-------------------
yarn global remove babel-cli live-server
or
npm uninstall -g babel-cli live-server

Installing Locally
-------------------
yarn add live-server babel-cli@6.24.1
or
npm install live-server babel-cli@6.24.1

npm install chokidar@3.4.3
yarn add chokidar@3.4.3

yarn add webpack@3.1.0

then...

npm run build

//-----------second phase

npm install validator

npm from




npm install react@16.0.0 react-dom@16.0.0

npm install babel-core@6.25.0 babel-loader@7.1.1

//Each component to a single file - best practice

Eventually we will get rid of live-server and start using webpack devserver

npm install webpack-dev-server@2.5.1

npm install --save-dev babel-plugin-transform-class-properties@6.24.1

//--------------------- RUN env
npm run dev-server

//Modal section

npm install react-modal@2.2.2

//STYLES

npm install style-loader@0.18.2 css-loader@0.28.4
npm install style-loader css-loader

//STYLES II 
npm install sass-loader node-sass (don't ?)
npm install sass-loader@6.0.6 node-sass@4.5.3 (for sure 4.5.3 is bad)
npm install sass-loader@6.0.6 node-sass (maybe)

//Normalize
npm install normalize.css

//Routing 
npm install react-router-dom

//Advanced Routing
npm install redux@3.7.2

//uuid
npm install uuid@3.1.0

npm install --same-dev babel-plugin-transform-object-rest-spread

npm install react@17.0.1 react-dom@17.0.1

npm install react-redux

npm install moment@2.18.1
npm install moment --save

npm install react-date@12.7.0
npm install react-dates

npm install react-addons-shallow-compare@15.6.0

npm i babel-plugin-transform-class-properties@6.24.1

npm i babel-plugin-transform-object-rest-spread@6.23.0

npm i babel-polyfill@6.26.0

npm i express

npm i numeral 

------------------

Test

npm install --save-dev jest

------------

Babel 7 upgrade

npm install --save-dev @babel/core @babel/cli @babel/preset-env
npm install --save @babel/polyfill
npm install --save-dev @babel/plugin-transform-arrow-functions

npm i --save-dev enzyme
npm i enzyme-adapter-react-16
npm i raf

npm i enzyme-to-json

npm i react-request

-----------


git init
git status
git add .


Enter file in which to save the key (/h//.ssh/id_rsa): /c/Users/delcas1/ssh-key/id_rsa
Enter passphrase (empty for no passphrase):
Enter same passphrase again:
Your identification has been saved in /c/Users/delcas1/ssh-key/id_rsa.
Your public key has been saved in /c/Users/delcas1/ssh-key/id_rsa.pub.
The key fingerprint is:
SHA256:VPlxjC/3ciHpY1iRg1FkKX1Y0hkXUn8GXli4H9mnw5o sdelcas2020@gmail.com
The key's randomart image is:
+---[RSA 4096]----+
|          .o*OOOB|
|         ..o+OB*o|
|        .  ..+*.*|
|       .    o++=+|
|        S   ++.++|
|           . += +|
|            .o.+ |
|            E    |
|                 |
+----[SHA256]-----+

> git pull --tags origin master
Warning: Permanently added the RSA host key for IP address '140.82.112.4' to the list of known hosts.
git@github.com: Permission denied (publickey).
fatal: Could not read from remote repository.

Please make sure you have the correct access rights
and the repository exists.

babel.config.json  database.rules.json  dist  files  jest.config.json  lib  node_modules  package.json  package-lock.json  public  src  webpack.config.js  yarn.lock  yarn-error.log
ls
delcas1@DELCAS1-L4 MINGW64 /c/react-1/ind2 (master)
$ ls
babel.config.json  database.rules.json  dist/  files/  jest.config.json  lib/  node_modules/  package.json  package-lock.json  public/  src/  webpack.config.js  yarn.lock  yarn-error.log
cd .
delcas1@DELCAS1-L4 MINGW64 /c/react-1/ind2 (master)
$ cd ..

delcas1@DELCAS1-L4 MINGW64 /c/react-1
$ ls
ind2/  ind2.7z  ind2.7z-L1  ind2.zip  ind3/  r-15-06-production-webpack/  r-15-07-extracting-css/  r-15-07-extracting-css.zip  react-dates-master.zip  upgrade-babel-7.7z-L2

delcas1@DELCAS1-L4 MINGW64 /c/react-1
$ ls -a /.ssh
ls: cannot access '/.ssh': No such file or directory

delcas1@DELCAS1-L4 MINGW64 /c/react-1
$ ls -a /c/Users/delcas1/ssh-key/.ssh
ls: cannot access '/c/Users/delcas1/ssh-key/.ssh': No such file or directory

delcas1@DELCAS1-L4 MINGW64 /c/react-1
$ ls -a /c/Users/delcas1/ssh-key
./  ../  id_rsa  id_rsa.pub

delcas1@DELCAS1-L4 MINGW64 /c/react-1
$ eval "$(ssh-agent -s"
> quit
> exit
> help
> ?
> ls
> exit
> :q~
> ^C











delcas1@DELCAS1-L4 MINGW64 /c/react-1
$

delcas1@DELCAS1-L4 MINGW64 /c/react-1
$

delcas1@DELCAS1-L4 MINGW64 /c/react-1
$

delcas1@DELCAS1-L4 MINGW64 /c/react-1
$

delcas1@DELCAS1-L4 MINGW64 /c/react-1
$ eval "$(ssh-agent -s)"
Agent pid 1225

delcas1@DELCAS1-L4 MINGW64 /c/react-1
$ ssh-add /c/Users/delcas1/ssh-key/id_rsa
Identity added: /c/Users/delcas1/ssh-key/id_rsa (sdelcas2020@gmail.com)

delcas1@DELCAS1-L4 MINGW64 /c/react-1
$ cd ind2/

delcas1@DELCAS1-L4 MINGW64 /c/react-1/ind2 (master)
$ ls
babel.config.json    dist/   jest.config.json  node_modules/  package-lock.json  src/               yarn.lock
database.rules.json  files/  lib/              package.json   public/            webpack.config.js  yarn-error.log

delcas1@DELCAS1-L4 MINGW64 /c/react-1/ind2 (master)
$ ssh -T git@github.com
Hi delcas1! You've successfully authenticated, but GitHub does not provide shell access.

delcas1@DELCAS1-L4 MINGW64 /c/react-1/ind2 (master)
$ git remote add origin git@github.com:delcas1/react-sample-app.git
fatal: remote origin already exists.

delcas1@DELCAS1-L4 MINGW64 /c/react-1/ind2 (master)
$ git remote -v
origin  git@github.com:delcas1/react-sample-app.git (fetch)
origin  git@github.com:delcas1/react-sample-app.git (push)

git -push -u origin master

Styling react
-------------

//npm install --save-dev mini-css-extract-plugin  <-for webpack 4
npm i extract-text-webpack-plugin

npm i expressjs

----

Heroku
------

Microsoft Windows [Version 10.0.17763.1577]
(c) 2018 Microsoft Corporation. All rights reserved.

C:\react-1>heroku
 »   Warning: Our terms of service have changed: https://dashboard.heroku.com/terms-of-service
CLI to interact with Heroku

VERSION
  heroku/7.47.5 win32-x64 node-v12.16.2

USAGE
  $ heroku [COMMAND]

COMMANDS
  access          manage user access to apps
  addons          tools and services for developing, extending, and operating your app
  apps            manage apps on Heroku
  auth            check 2fa status
  authorizations  OAuth authorizations
  autocomplete    display autocomplete installation instructions
  buildpacks      scripts used to compile apps
  certs           a topic for the ssl plugin
  ci              run an application test suite on Heroku
  clients         OAuth clients on the platform
  config          environment variables of apps
  container       Use containers to build and deploy Heroku apps
  domains         custom domains for apps
  drains          forward logs to syslog or HTTPS
  features        add/remove app features
  git             manage local git repository for app
  help            display help for heroku
  keys            add/remove account ssh keys
  labs            add/remove experimental features
  local           run Heroku app locally
  logs            display recent log output
  maintenance     enable/disable access to app
  members         manage organization members
  notifications   display notifications
  orgs            manage organizations
  pg              manage postgresql databases
  pipelines       manage pipelines
  plugins         list installed plugins
  ps              Client tools for Heroku Exec
  psql            open a psql shell to the database
  redis           manage heroku redis instances
  regions         list available regions for deployment
  releases        display the releases for an app
  reviewapps      manage reviewapps in pipelines
  run             run a one-off process inside a Heroku dyno
  sessions        OAuth sessions
  spaces          manage heroku private spaces
  status          status of the Heroku platform
  teams           manage teams
  update          update the Heroku CLI
  webhooks        list webhooks on an app


C:\react-1>heroku -v
heroku/7.47.5 win32-x64 node-v12.16.2

C:\react-1>heroku login
heroku: Press any key to open up the browser to login or q to exit:
Opening browser to https://cli-auth.heroku.com/auth/cli/browser/b3724b8f-6f12-4b4d-a5b8-3f5b2db76eb9?requestor=SFMyNTY.g2gDbQAAAA0xOTkuMjQ3LjQ2LjQ0bgYAS35fVHYBYgABUYA.svtvWnkLxaPYqSrMxNoMehxyFbPVm7NU4tm4mJWEDNk
Logging in... done
Logged in as sdelcas2020@gmail.com

C:\react-1>cd ind2

C:\react-1\ind2>dir
 Volume in drive C is OSDisk
 Volume Serial Number is 705B-D6AA

 Directory of C:\react-1\ind2

12/11/2020  10:51 AM    <DIR>          .
12/11/2020  10:51 AM    <DIR>          ..
11/15/2020  12:56 PM               143 .babelrc
12/10/2020  02:45 PM                13 .gitignore
12/11/2020  09:07 AM    <DIR>          .idea
12/03/2020  03:16 PM               225 .npmrc
11/16/2020  06:13 AM    <DIR>          .vscode
12/07/2020  06:42 AM               280 babel.config.json
12/03/2020  07:25 AM                59 database.rules.json
11/11/2020  05:36 AM    <DIR>          dist
12/10/2020  12:41 PM    <DIR>          files
12/09/2020  03:07 PM               146 jest.config.json
12/07/2020  06:44 AM    <DIR>          lib
12/11/2020  10:48 AM    <DIR>          node_modules
12/11/2020  10:48 AM           978,079 package-lock.json
12/11/2020  10:48 AM             1,941 package.json
12/11/2020  10:53 AM    <DIR>          public
12/11/2020  10:33 AM               231 README.md
12/11/2020  10:44 AM    <DIR>          server
12/11/2020  10:51 AM    <DIR>          src
12/11/2020  08:04 AM             1,142 webpack.config.js
11/24/2020  08:31 AM           162,660 yarn-error.log
11/10/2020  06:05 AM           152,694 yarn.lock
              12 File(s)      1,297,613 bytes
              11 Dir(s)  11,600,027,648 bytes free

C:\react-1\ind2>heroku create react-sample
Creating ⬢ react-sample... !
 !    Name react-sample is already taken

C:\react-1\ind2>heroku create react-sample-h
Creating ⬢ react-sample-h... done
https://react-sample-h.herokuapp.com/ | https://git.heroku.com/react-sample-h.git

C:\react-1\ind2>git remote
heroku
origin

C:\react-1\ind2>git remote =v
error: Unknown subcommand: =v
usage: git remote [-v | --verbose]
   or: git remote add [-t <branch>] [-m <master>] [-f] [--tags | --no-tags] [--mirror=<fetch|push>] <name> <url>
   or: git remote rename <old> <new>
   or: git remote remove <name>
   or: git remote set-head <name> (-a | --auto | -d | --delete | <branch>)
   or: git remote [-v | --verbose] show [-n] <name>
   or: git remote prune [-n | --dry-run] <name>
   or: git remote [-v | --verbose] update [-p | --prune] [(<group> | <remote>)...]
   or: git remote set-branches [--add] <name> <branch>...
   or: git remote get-url [--push] [--all] <name>
   or: git remote set-url [--push] <name> <newurl> [<oldurl>]
   or: git remote set-url --add <name> <newurl>
   or: git remote set-url --delete <name> <url>

    -v, --verbose         be verbose; must be placed before a subcommand


C:\react-1\ind2>git remote -v
heroku  https://git.heroku.com/react-sample-h.git (fetch)
heroku  https://git.heroku.com/react-sample-h.git (push)
origin  git@github.com:delcas1/react-sample-app.git (fetch)
origin  git@github.com:delcas1/react-sample-app.git (push)

